Using pre-set license
Built from '2022.3/staging' branch; Version is '2022.3.13f1 (5f90a5ebde0f) revision 6262949'; Using compiler version '192829333'; Build Type 'Release'
OS: 'Windows 11  (10.0.26100) 64bit Core' Language: 'en' Physical Memory: 16054 MB
BatchMode: 1, IsHumanControllingUs: 0, StartBugReporterOnCrash: 0, Is64bit: 1, IsPro: 1

COMMAND LINE ARGUMENTS:
C:\Program Files\Unity\Hub\Editor\2022.3.13f1\Editor\Unity.exe
-adb2
-batchMode
-noUpm
-name
AssetImportWorker3
-projectPath
C:/Users/Mateo Larrea/Desktop/Multimodal-Experiment/Multimodal Experiment
-logFile
Logs/AssetImportWorker3.log
-srvPort
59106
Successfully changed project path to: C:/Users/Mateo Larrea/Desktop/Multimodal-Experiment/Multimodal Experiment
C:/Users/Mateo Larrea/Desktop/Multimodal-Experiment/Multimodal Experiment
[UnityMemory] Configuration Parameters - Can be set up in boot.config
    "memorysetup-bucket-allocator-granularity=16"
    "memorysetup-bucket-allocator-bucket-count=8"
    "memorysetup-bucket-allocator-block-size=33554432"
    "memorysetup-bucket-allocator-block-count=8"
    "memorysetup-main-allocator-block-size=16777216"
    "memorysetup-thread-allocator-block-size=16777216"
    "memorysetup-gfx-main-allocator-block-size=16777216"
    "memorysetup-gfx-thread-allocator-block-size=16777216"
    "memorysetup-cache-allocator-block-size=4194304"
    "memorysetup-typetree-allocator-block-size=2097152"
    "memorysetup-profiler-bucket-allocator-granularity=16"
    "memorysetup-profiler-bucket-allocator-bucket-count=8"
    "memorysetup-profiler-bucket-allocator-block-size=33554432"
    "memorysetup-profiler-bucket-allocator-block-count=8"
    "memorysetup-profiler-allocator-block-size=16777216"
    "memorysetup-profiler-editor-allocator-block-size=1048576"
    "memorysetup-temp-allocator-size-main=16777216"
    "memorysetup-job-temp-allocator-block-size=2097152"
    "memorysetup-job-temp-allocator-block-size-background=1048576"
    "memorysetup-job-temp-allocator-reduction-small-platforms=262144"
    "memorysetup-allocator-temp-initial-block-size-main=262144"
    "memorysetup-allocator-temp-initial-block-size-worker=262144"
    "memorysetup-temp-allocator-size-background-worker=32768"
    "memorysetup-temp-allocator-size-job-worker=262144"
    "memorysetup-temp-allocator-size-preload-manager=33554432"
    "memorysetup-temp-allocator-size-nav-mesh-worker=65536"
    "memorysetup-temp-allocator-size-audio-worker=65536"
    "memorysetup-temp-allocator-size-cloud-worker=32768"
    "memorysetup-temp-allocator-size-gi-baking-worker=262144"
    "memorysetup-temp-allocator-size-gfx=262144"
Player connection [5156] Host "[IP] 10.30.167.14 [Port] 0 [Flags] 2 [Guid] 564719515 [EditorId] 564719515 [Version] 1048832 [Id] WindowsEditor(7,3T4M) [Debug] 1 [PackageName] WindowsEditor [ProjectName] Editor" joined multi-casting on [225.0.0.222:54997]...

Player connection [5156] Host "[IP] 10.30.167.14 [Port] 0 [Flags] 2 [Guid] 564719515 [EditorId] 564719515 [Version] 1048832 [Id] WindowsEditor(7,3T4M) [Debug] 1 [PackageName] WindowsEditor [ProjectName] Editor" joined alternative multi-casting on [225.0.0.222:34997]...

[Physics::Module] Initialized MultithreadedJobDispatcher with 19 workers.
Refreshing native plugins compatible for Editor in 5.94 ms, found 3 plugins.
Preloading 0 native plugins for Editor in 0.00 ms.
Initialize engine version: 2022.3.13f1 (5f90a5ebde0f)
[Subsystems] Discovering subsystems at path C:/Program Files/Unity/Hub/Editor/2022.3.13f1/Editor/Data/Resources/UnitySubsystems
[Subsystems] Discovering subsystems at path C:/Users/Mateo Larrea/Desktop/Multimodal-Experiment/Multimodal Experiment/Assets
GfxDevice: creating device client; threaded=0; jobified=0
Direct3D:
    Version:  Direct3D 11.0 [level 11.1]
    Renderer: NVIDIA GeForce RTX 3070 Ti Laptop GPU (ID=0x24e0)
    Vendor:   NVIDIA
    VRAM:     8018 MB
    Driver:   32.0.15.5612
Initialize mono
Mono path[0] = 'C:/Program Files/Unity/Hub/Editor/2022.3.13f1/Editor/Data/Managed'
Mono path[1] = 'C:/Program Files/Unity/Hub/Editor/2022.3.13f1/Editor/Data/MonoBleedingEdge/lib/mono/unityjit-win32'
Mono config path = 'C:/Program Files/Unity/Hub/Editor/2022.3.13f1/Editor/Data/MonoBleedingEdge/etc'
Using monoOptions --debugger-agent=transport=dt_socket,embedding=1,server=y,suspend=n,address=127.0.0.1:56248
Begin MonoManager ReloadAssembly
Registering precompiled unity dll's ...
Register platform support module: C:/Program Files/Unity/Hub/Editor/2022.3.13f1/Editor/Data/PlaybackEngines/AndroidPlayer/UnityEditor.Android.Extensions.dll
Register platform support module: C:/Program Files/Unity/Hub/Editor/2022.3.13f1/Editor/Data/PlaybackEngines/WindowsStandaloneSupport/UnityEditor.WindowsStandalone.Extensions.dll
Registered in 0.005094 seconds.
- Loaded All Assemblies, in  0.312 seconds
Native extension for WindowsStandalone target not found
Native extension for Android target not found
Android Extension - Scanning For ADB Devices 772 ms
Mono: successfully reloaded assembly
- Finished resetting the current domain, in  1.080 seconds
Domain Reload Profiling: 1392ms
	BeginReloadAssembly (95ms)
		ExecutionOrderSort (0ms)
		DisableScriptedObjects (0ms)
		BackupInstance (0ms)
		ReleaseScriptingObjects (0ms)
		CreateAndSetChildDomain (1ms)
	RebuildCommonClasses (34ms)
	RebuildNativeTypeToScriptingClass (9ms)
	initialDomainReloadingComplete (46ms)
	LoadAllAssembliesAndSetupDomain (128ms)
		LoadAssemblies (91ms)
		RebuildTransferFunctionScriptingTraits (0ms)
		AnalyzeDomain (126ms)
			TypeCache.Refresh (124ms)
				TypeCache.ScanAssembly (112ms)
			ScanForSourceGeneratedMonoScriptInfo (0ms)
			ResolveRequiredComponents (0ms)
	FinalizeReload (1081ms)
		ReleaseScriptCaches (0ms)
		RebuildScriptCaches (0ms)
		SetupLoadedEditorAssemblies (1034ms)
			LogAssemblyErrors (0ms)
			InitializePlatformSupportModulesInManaged (881ms)
			SetLoadedEditorAssemblies (5ms)
			RefreshPlugins (0ms)
			BeforeProcessingInitializeOnLoad (3ms)
			ProcessInitializeOnLoadAttributes (102ms)
			ProcessInitializeOnLoadMethodAttributes (43ms)
			AfterProcessingInitializeOnLoad (0ms)
			EditorAssembliesLoaded (0ms)
		ExecutionOrderSort2 (0ms)
		AwakeInstancesAfterBackupRestoration (0ms)
========================================================================
Worker process is ready to serve import requests
Begin MonoManager ReloadAssembly
- Loaded All Assemblies, in  0.626 seconds
Refreshing native plugins compatible for Editor in 2.27 ms, found 3 plugins.
Native extension for WindowsStandalone target not found
Native extension for Android target not found
Mono: successfully reloaded assembly
- Finished resetting the current domain, in  0.571 seconds
Domain Reload Profiling: 1195ms
	BeginReloadAssembly (126ms)
		ExecutionOrderSort (0ms)
		DisableScriptedObjects (4ms)
		BackupInstance (0ms)
		ReleaseScriptingObjects (0ms)
		CreateAndSetChildDomain (20ms)
	RebuildCommonClasses (36ms)
	RebuildNativeTypeToScriptingClass (14ms)
	initialDomainReloadingComplete (42ms)
	LoadAllAssembliesAndSetupDomain (406ms)
		LoadAssemblies (296ms)
		RebuildTransferFunctionScriptingTraits (0ms)
		AnalyzeDomain (184ms)
			TypeCache.Refresh (161ms)
				TypeCache.ScanAssembly (146ms)
			ScanForSourceGeneratedMonoScriptInfo (18ms)
			ResolveRequiredComponents (4ms)
	FinalizeReload (571ms)
		ReleaseScriptCaches (0ms)
		RebuildScriptCaches (0ms)
		SetupLoadedEditorAssemblies (411ms)
			LogAssemblyErrors (0ms)
			InitializePlatformSupportModulesInManaged (21ms)
			SetLoadedEditorAssemblies (4ms)
			RefreshPlugins (0ms)
			BeforeProcessingInitializeOnLoad (54ms)
			ProcessInitializeOnLoadAttributes (304ms)
			ProcessInitializeOnLoadMethodAttributes (22ms)
			AfterProcessingInitializeOnLoad (5ms)
			EditorAssembliesLoaded (0ms)
		ExecutionOrderSort2 (0ms)
		AwakeInstancesAfterBackupRestoration (6ms)
Launched and connected shader compiler UnityShaderCompiler.exe after 0.04 seconds
Refreshing native plugins compatible for Editor in 4.10 ms, found 3 plugins.
Preloading 0 native plugins for Editor in 0.00 ms.
Unloading 3525 Unused Serialized files (Serialized files now loaded: 0)
Unloading 37 unused Assets / (57.4 KB). Loaded Objects now: 3993.
Memory consumption went from 142.6 MB to 142.6 MB.
Total: 3.882100 ms (FindLiveObjects: 0.217200 ms CreateObjectMapping: 0.108900 ms MarkObjects: 3.404800 ms  DeleteObjects: 0.148700 ms)

AssetImportParameters requested are different than current active one (requested -> active):
  custom:container-demuxer-ogg: 62fdf1f143b41e24485cea50d1cbac27 -> 
  custom:video-codec-MediaFoundation-h265: 746d11721c4dcdbdad8f713fa42b33f4 -> 
  custom:video-decoder-ogg-theora: a1e56fd34408186e4bbccfd4996cb3dc -> 
  custom:framework-win-MediaFoundation: 216162199b28c13a410421893ffa2e32 -> 
  custom:container-demuxer-webm: 4f35f7cbe854078d1ac9338744f61a02 -> 
  custom:container-muxer-webm: aa71ff27fc2769a1b78a27578f13a17b -> 
  custom:video-decoder-webm-vp8: 9c59270c3fd7afecdb556c50c9e8de78 -> 
  custom:AudioImporter_EditorPlatform: d09bf68614088b80899f8185d706f6e7 -> 
  custom:video-encoder-webm-vp8: eb34c28f22e8b96e1ab97ce403110664 -> 
  custom:audio-decoder-ogg-vorbis: bf7c407c2cedff20999df2af8eb42d56 -> 
  custom:audio-encoder-webm-vorbis: bf7c407c2cedff20999df2af8eb42d56 -> 
========================================================================
Received Import Request.
  Time since last request: 254831.274893 seconds.
  path: Assets/Stimulus/id_12.asset
  artifactKey: Guid(477da8ed8f680584d87f31c10317688d) Importer(815301076,1909f56bfc062723c751e8b465ee728b)
Start importing Assets/Stimulus/id_12.asset using Guid(477da8ed8f680584d87f31c10317688d) Importer(815301076,1909f56bfc062723c751e8b465ee728b)  -> (artifact id: '94bb32d956c12c63eb2aa2bced332f44') in 0.011662 seconds
Number of updated asset objects reloaded before import = 0
Number of asset objects unloaded after import = 3
========================================================================
Received Import Request.
  Time since last request: 0.000023 seconds.
  path: Assets/Stimulus/id_44.asset
  artifactKey: Guid(8cb70f082d6d85e4b8250b3d563a59e9) Importer(815301076,1909f56bfc062723c751e8b465ee728b)
Start importing Assets/Stimulus/id_44.asset using Guid(8cb70f082d6d85e4b8250b3d563a59e9) Importer(815301076,1909f56bfc062723c751e8b465ee728b)  -> (artifact id: 'f72a7590578c7ed528a17f18e7f99f9a') in 0.001338 seconds
Number of updated asset objects reloaded before import = 0
Number of asset objects unloaded after import = 3
========================================================================
Received Import Request.
  Time since last request: 0.000096 seconds.
  path: Assets/Stimulus/id_7.asset
  artifactKey: Guid(9dcfc0ced463558408362bff2186fcb4) Importer(815301076,1909f56bfc062723c751e8b465ee728b)
Start importing Assets/Stimulus/id_7.asset using Guid(9dcfc0ced463558408362bff2186fcb4) Importer(815301076,1909f56bfc062723c751e8b465ee728b)  -> (artifact id: '1da2fb81609e3db9ceccac6688442d1d') in 0.001563 seconds
Number of updated asset objects reloaded before import = 0
Number of asset objects unloaded after import = 3
========================================================================
Received Import Request.
  Time since last request: 0.000014 seconds.
  path: Assets/Stimulus/id_11.asset
  artifactKey: Guid(efac322c66982c448ad985ffc3cf3fe8) Importer(815301076,1909f56bfc062723c751e8b465ee728b)
Start importing Assets/Stimulus/id_11.asset using Guid(efac322c66982c448ad985ffc3cf3fe8) Importer(815301076,1909f56bfc062723c751e8b465ee728b)  -> (artifact id: '0a5a1e1235c70e88e752b34bcf5b4a9c') in 0.001175 seconds
Number of updated asset objects reloaded before import = 0
Number of asset objects unloaded after import = 3
========================================================================
Received Import Request.
  Time since last request: 0.000011 seconds.
  path: Assets/Stimulus/id_9.asset
  artifactKey: Guid(f4bf9aa9eadc26d449181277437d93a2) Importer(815301076,1909f56bfc062723c751e8b465ee728b)
Start importing Assets/Stimulus/id_9.asset using Guid(f4bf9aa9eadc26d449181277437d93a2) Importer(815301076,1909f56bfc062723c751e8b465ee728b)  -> (artifact id: 'f24d4893fae1a24fe7397e9228810bea') in 0.001055 seconds
Number of updated asset objects reloaded before import = 0
Number of asset objects unloaded after import = 3
========================================================================
Received Import Request.
  Time since last request: 0.000084 seconds.
  path: Assets/Stimulus/id_2.asset
  artifactKey: Guid(bfd3a3543b5e96642a54ad4b67a748b1) Importer(815301076,1909f56bfc062723c751e8b465ee728b)
Start importing Assets/Stimulus/id_2.asset using Guid(bfd3a3543b5e96642a54ad4b67a748b1) Importer(815301076,1909f56bfc062723c751e8b465ee728b)  -> (artifact id: '1f071f38587f914807bde1530ab04646') in 0.001588 seconds
Number of updated asset objects reloaded before import = 0
Number of asset objects unloaded after import = 3
========================================================================
Received Import Request.
  Time since last request: 0.000028 seconds.
  path: Assets/Stimulus/id_36.asset
  artifactKey: Guid(3e4b42540f6f42c47a836515083b9486) Importer(815301076,1909f56bfc062723c751e8b465ee728b)
Start importing Assets/Stimulus/id_36.asset using Guid(3e4b42540f6f42c47a836515083b9486) Importer(815301076,1909f56bfc062723c751e8b465ee728b)  -> (artifact id: 'b705e7f77cdc5c370de065b45364c76b') in 0.001550 seconds
Number of updated asset objects reloaded before import = 0
Number of asset objects unloaded after import = 3
========================================================================
Received Import Request.
  Time since last request: 0.000015 seconds.
  path: Assets/Stimulus/id_45.asset
  artifactKey: Guid(7dd081c5700ecb44e97c217dbb2eb7b1) Importer(815301076,1909f56bfc062723c751e8b465ee728b)
Start importing Assets/Stimulus/id_45.asset using Guid(7dd081c5700ecb44e97c217dbb2eb7b1) Importer(815301076,1909f56bfc062723c751e8b465ee728b)  -> (artifact id: 'b5740c592bb1b0ae547be324d722ac64') in 0.001663 seconds
Number of updated asset objects reloaded before import = 0
Number of asset objects unloaded after import = 3
========================================================================
Received Import Request.
  Time since last request: 0.000045 seconds.
  path: Assets/Stimulus/id_19.asset
  artifactKey: Guid(1c4d0f9f344af9a40a2c3edc7a6cd95f) Importer(815301076,1909f56bfc062723c751e8b465ee728b)
Start importing Assets/Stimulus/id_19.asset using Guid(1c4d0f9f344af9a40a2c3edc7a6cd95f) Importer(815301076,1909f56bfc062723c751e8b465ee728b)  -> (artifact id: 'b2fd49f195a7bf5044a98baf6a1f9328') in 0.001243 seconds
Number of updated asset objects reloaded before import = 0
Number of asset objects unloaded after import = 3
========================================================================
Received Import Request.
  Time since last request: 0.000056 seconds.
  path: Assets/Stimulus/id_14.asset
  artifactKey: Guid(821dbbb5b9f7c964382738e28fedd566) Importer(815301076,1909f56bfc062723c751e8b465ee728b)
Start importing Assets/Stimulus/id_14.asset using Guid(821dbbb5b9f7c964382738e28fedd566) Importer(815301076,1909f56bfc062723c751e8b465ee728b)  -> (artifact id: '51a06d2acd9e2e7f4b8f6984b9e68dcd') in 0.001044 seconds
Number of updated asset objects reloaded before import = 0
Number of asset objects unloaded after import = 3
========================================================================
Received Import Request.
  Time since last request: 0.000065 seconds.
  path: Assets/Stimulus/id_48.asset
  artifactKey: Guid(e20233c89cd8ce1488dc03711f1feeae) Importer(815301076,1909f56bfc062723c751e8b465ee728b)
Start importing Assets/Stimulus/id_48.asset using Guid(e20233c89cd8ce1488dc03711f1feeae) Importer(815301076,1909f56bfc062723c751e8b465ee728b)  -> (artifact id: 'e2cf722e8c6cb88d24765b290b1ff940') in 0.001340 seconds
Number of updated asset objects reloaded before import = 0
Number of asset objects unloaded after import = 3
========================================================================
Received Import Request.
  Time since last request: 0.000051 seconds.
  path: Assets/Stimulus/id_4.asset
  artifactKey: Guid(f9a83031850b15d4bbac8e7f74b67a2d) Importer(815301076,1909f56bfc062723c751e8b465ee728b)
Start importing Assets/Stimulus/id_4.asset using Guid(f9a83031850b15d4bbac8e7f74b67a2d) Importer(815301076,1909f56bfc062723c751e8b465ee728b)  -> (artifact id: 'f6d426fdb8002c31ead7473f296c9a8e') in 0.000935 seconds
Number of updated asset objects reloaded before import = 0
Number of asset objects unloaded after import = 3
========================================================================
Received Import Request.
  Time since last request: 0.000045 seconds.
  path: Assets/Stimulus/id_38.asset
  artifactKey: Guid(8e62c1af7ec58fb42b3b9d240c60666e) Importer(815301076,1909f56bfc062723c751e8b465ee728b)
Start importing Assets/Stimulus/id_38.asset using Guid(8e62c1af7ec58fb42b3b9d240c60666e) Importer(815301076,1909f56bfc062723c751e8b465ee728b)  -> (artifact id: '3ba16f0309f5ad7863d20082005acbfc') in 0.000994 seconds
Number of updated asset objects reloaded before import = 0
Number of asset objects unloaded after import = 3
========================================================================
Received Import Request.
  Time since last request: 0.000021 seconds.
  path: Assets/Stimulus/id_40.asset
  artifactKey: Guid(e762f1232e3ee394d918c41076025cdd) Importer(815301076,1909f56bfc062723c751e8b465ee728b)
Start importing Assets/Stimulus/id_40.asset using Guid(e762f1232e3ee394d918c41076025cdd) Importer(815301076,1909f56bfc062723c751e8b465ee728b)  -> (artifact id: '96eec8bffb6572240d16e40ea383be76') in 0.000900 seconds
Number of updated asset objects reloaded before import = 0
Number of asset objects unloaded after import = 3
========================================================================
Received Import Request.
  Time since last request: 0.000036 seconds.
  path: Assets/Stimulus/id_23.asset
  artifactKey: Guid(ef724e2f2015f114db81a687ad86d262) Importer(815301076,1909f56bfc062723c751e8b465ee728b)
Start importing Assets/Stimulus/id_23.asset using Guid(ef724e2f2015f114db81a687ad86d262) Importer(815301076,1909f56bfc062723c751e8b465ee728b)  -> (artifact id: '84b5774abe9d6c3aada4a5b90f3024d2') in 0.000845 seconds
Number of updated asset objects reloaded before import = 0
Number of asset objects unloaded after import = 3
========================================================================
Received Import Request.
  Time since last request: 0.000106 seconds.
  path: Assets/Stimulus/id_35.asset
  artifactKey: Guid(42996bcc9a7a5274e8cc9a13ac4b37ff) Importer(815301076,1909f56bfc062723c751e8b465ee728b)
Start importing Assets/Stimulus/id_35.asset using Guid(42996bcc9a7a5274e8cc9a13ac4b37ff) Importer(815301076,1909f56bfc062723c751e8b465ee728b)  -> (artifact id: '41067a7e8893bc425f4211b2d69d6c9d') in 0.000912 seconds
Number of updated asset objects reloaded before import = 0
Number of asset objects unloaded after import = 3
========================================================================
Received Import Request.
  Time since last request: 0.000081 seconds.
  path: Assets/Stimulus/id_24.asset
  artifactKey: Guid(d9d9d5374b7d5ed4dab40486b3f552bb) Importer(815301076,1909f56bfc062723c751e8b465ee728b)
Start importing Assets/Stimulus/id_24.asset using Guid(d9d9d5374b7d5ed4dab40486b3f552bb) Importer(815301076,1909f56bfc062723c751e8b465ee728b)  -> (artifact id: '7e58a5f1ffe903a89b51b48989e48975') in 0.000869 seconds
Number of updated asset objects reloaded before import = 0
Number of asset objects unloaded after import = 3
========================================================================
Received Import Request.
  Time since last request: 0.000009 seconds.
  path: Assets/Stimulus/id_29.asset
  artifactKey: Guid(ef40ca59d2d2e1540b5681220eb5740c) Importer(815301076,1909f56bfc062723c751e8b465ee728b)
Start importing Assets/Stimulus/id_29.asset using Guid(ef40ca59d2d2e1540b5681220eb5740c) Importer(815301076,1909f56bfc062723c751e8b465ee728b)  -> (artifact id: 'caa7a4252bfe4af67e8dcc7b0f19aee5') in 0.001081 seconds
Number of updated asset objects reloaded before import = 0
Number of asset objects unloaded after import = 3
========================================================================
Received Import Request.
  Time since last request: 0.000053 seconds.
  path: Assets/Stimulus/id_8.asset
  artifactKey: Guid(cbabff25be5f5474995384abf9b0028e) Importer(815301076,1909f56bfc062723c751e8b465ee728b)
Start importing Assets/Stimulus/id_8.asset using Guid(cbabff25be5f5474995384abf9b0028e) Importer(815301076,1909f56bfc062723c751e8b465ee728b)  -> (artifact id: '71b9bf5e80164ad20dd0f82ef634125e') in 0.001052 seconds
Number of updated asset objects reloaded before import = 0
Number of asset objects unloaded after import = 3
========================================================================
Received Import Request.
  Time since last request: 0.000035 seconds.
  path: Assets/Stimulus/id_27.asset
  artifactKey: Guid(13444be30ef8fca4b97c9a660098a521) Importer(815301076,1909f56bfc062723c751e8b465ee728b)
Start importing Assets/Stimulus/id_27.asset using Guid(13444be30ef8fca4b97c9a660098a521) Importer(815301076,1909f56bfc062723c751e8b465ee728b)  -> (artifact id: '4cd6ccd356d3ad8391986788e44eb174') in 0.001656 seconds
Number of updated asset objects reloaded before import = 0
Number of asset objects unloaded after import = 3
========================================================================
Received Import Request.
  Time since last request: 0.000022 seconds.
  path: Assets/Stimulus/id_20.asset
  artifactKey: Guid(84c219cb52ebbdc4c8d106fd84121581) Importer(815301076,1909f56bfc062723c751e8b465ee728b)
Start importing Assets/Stimulus/id_20.asset using Guid(84c219cb52ebbdc4c8d106fd84121581) Importer(815301076,1909f56bfc062723c751e8b465ee728b)  -> (artifact id: '63bd70dd88fa0e8416660b9eb0b022ca') in 0.002093 seconds
Number of updated asset objects reloaded before import = 0
Number of asset objects unloaded after import = 3
========================================================================
Received Import Request.
  Time since last request: 0.000013 seconds.
  path: Assets/Stimulus/id_42.asset
  artifactKey: Guid(b53d8fe152330c44caf05a8fc030b3ad) Importer(815301076,1909f56bfc062723c751e8b465ee728b)
Start importing Assets/Stimulus/id_42.asset using Guid(b53d8fe152330c44caf05a8fc030b3ad) Importer(815301076,1909f56bfc062723c751e8b465ee728b)  -> (artifact id: 'b39bde9edecfb97d97019ab43970b1b4') in 0.001127 seconds
Number of updated asset objects reloaded before import = 0
Number of asset objects unloaded after import = 3
========================================================================
Received Import Request.
  Time since last request: 0.000063 seconds.
  path: Assets/Stimulus/id_26.asset
  artifactKey: Guid(c83b97df660215c44b2043187a9a6bfa) Importer(815301076,1909f56bfc062723c751e8b465ee728b)
Start importing Assets/Stimulus/id_26.asset using Guid(c83b97df660215c44b2043187a9a6bfa) Importer(815301076,1909f56bfc062723c751e8b465ee728b)  -> (artifact id: 'fafc47ff4356775bcd3bfde5a2e2f1dc') in 0.001015 seconds
Number of updated asset objects reloaded before import = 0
Number of asset objects unloaded after import = 3
========================================================================
Received Import Request.
  Time since last request: 0.000040 seconds.
  path: Assets/Stimulus/id_39.asset
  artifactKey: Guid(89b054c0e7ce1a14696761aa8de4d94e) Importer(815301076,1909f56bfc062723c751e8b465ee728b)
Start importing Assets/Stimulus/id_39.asset using Guid(89b054c0e7ce1a14696761aa8de4d94e) Importer(815301076,1909f56bfc062723c751e8b465ee728b)  -> (artifact id: '78342bec232480870564306501baddec') in 0.001030 seconds
Number of updated asset objects reloaded before import = 0
Number of asset objects unloaded after import = 3
========================================================================
Received Import Request.
  Time since last request: 0.000058 seconds.
  path: Assets/Stimulus/id_25.asset
  artifactKey: Guid(da8343f4ad2f6e14094e5b6d4a42b58c) Importer(815301076,1909f56bfc062723c751e8b465ee728b)
Start importing Assets/Stimulus/id_25.asset using Guid(da8343f4ad2f6e14094e5b6d4a42b58c) Importer(815301076,1909f56bfc062723c751e8b465ee728b)  -> (artifact id: '05ec4a49576f609b509986057469e9f9') in 0.001683 seconds
Number of updated asset objects reloaded before import = 0
Number of asset objects unloaded after import = 3
========================================================================
Received Import Request.
  Time since last request: 0.000051 seconds.
  path: Assets/Stimulus/id_31.asset
  artifactKey: Guid(f9ab98958bf74e9428bce75f93817576) Importer(815301076,1909f56bfc062723c751e8b465ee728b)
Start importing Assets/Stimulus/id_31.asset using Guid(f9ab98958bf74e9428bce75f93817576) Importer(815301076,1909f56bfc062723c751e8b465ee728b)  -> (artifact id: '1d7683de0206c6d69662d1d754631104') in 0.000981 seconds
Number of updated asset objects reloaded before import = 0
Number of asset objects unloaded after import = 3
========================================================================
Received Import Request.
  Time since last request: 0.000031 seconds.
  path: Assets/Stimulus/id_17.asset
  artifactKey: Guid(fc53ebb672089ef4f92314660bc37e14) Importer(815301076,1909f56bfc062723c751e8b465ee728b)
Start importing Assets/Stimulus/id_17.asset using Guid(fc53ebb672089ef4f92314660bc37e14) Importer(815301076,1909f56bfc062723c751e8b465ee728b)  -> (artifact id: '0f50c36e5862dde4ddb0f11566a9497a') in 0.001926 seconds
Number of updated asset objects reloaded before import = 0
Number of asset objects unloaded after import = 3
========================================================================
Received Import Request.
  Time since last request: 0.000070 seconds.
  path: Assets/Stimulus/id_30.asset
  artifactKey: Guid(051e376540ff4334182d014f1b6d0808) Importer(815301076,1909f56bfc062723c751e8b465ee728b)
Start importing Assets/Stimulus/id_30.asset using Guid(051e376540ff4334182d014f1b6d0808) Importer(815301076,1909f56bfc062723c751e8b465ee728b)  -> (artifact id: 'f71f5947b38823763cde9c4308fce82b') in 0.002039 seconds
Number of updated asset objects reloaded before import = 0
Number of asset objects unloaded after import = 3
Editor requested this worker to shutdown with reason: Scaling down because of idle timeout
TcpMessagingSession - receive error: operation aborted. errorcode: 995, details: The I/O operation has been aborted because of either a thread exit or an application request.
AssetImportWorker is now disconnected from the server
Process exiting
Exiting without the bug reporter. Application will terminate with return code 0